[     200ms] [INFO] %cDownload the React DevTools for a better development experience: https://react.dev/link/react-devtools font-weight:bold @ http://localhost:3000/_next/static/chunks/74e87_next_dist_79e70195._.js:2297
[     260ms] [LOG] [HMR] connected @ http://localhost:3000/_next/static/chunks/74e87_next_dist_79e70195._.js:2297
[     282ms] [ERROR] Failed to load resource: the server responded with a status of 401 (Unauthorized) @ http://localhost:3001/api/auth/abilities:0
[     295ms] [ERROR] Failed to load resource: the server responded with a status of 404 (Not Found) @ http://localhost:3000/favicon.ico:0
[   75927ms] [ERROR] Failed to load resource: the server responded with a status of 404 (Not Found) @ http://localhost:3000/odontogram?_rsc=12qz7:0
[   75981ms] [ERROR] Failed to load resource: the server responded with a status of 404 (Not Found) @ http://localhost:3000/odontogram:0
[   76036ms] [INFO] %cDownload the React DevTools for a better development experience: https://react.dev/link/react-devtools font-weight:bold @ http://localhost:3000/_next/static/chunks/74e87_next_dist_79e70195._.js:2297
[   76049ms] [LOG] [HMR] connected @ http://localhost:3000/_next/static/chunks/74e87_next_dist_79e70195._.js:2297
[   77154ms] [LOG] [Fast Refresh] rebuilding @ http://localhost:3000/_next/static/chunks/74e87_next_dist_79e70195._.js:2297
[   77398ms] [LOG] [Fast Refresh] done in 345ms @ http://localhost:3000/_next/static/chunks/74e87_next_dist_79e70195._.js:2297
[   77458ms] [INFO] %cDownload the React DevTools for a better development experience: https://react.dev/link/react-devtools font-weight:bold @ http://localhost:3000/_next/static/chunks/74e87_next_dist_79e70195._.js:2297
[   77476ms] [LOG] [HMR] connected @ http://localhost:3000/_next/static/chunks/74e87_next_dist_79e70195._.js:2297
[  107901ms] [ERROR] Failed to load resource: the server responded with a status of 404 (Not Found) @ http://localhost:3000/patients?_rsc=1w4d7:0
[  107949ms] [ERROR] Failed to load resource: the server responded with a status of 404 (Not Found) @ http://localhost:3000/patients:0
[  107990ms] [INFO] %cDownload the React DevTools for a better development experience: https://react.dev/link/react-devtools font-weight:bold @ http://localhost:3000/_next/static/chunks/74e87_next_dist_79e70195._.js:2297
[  108002ms] [LOG] [HMR] connected @ http://localhost:3000/_next/static/chunks/74e87_next_dist_79e70195._.js:2297
[  109266ms] [INFO] %cDownload the React DevTools for a better development experience: https://react.dev/link/react-devtools font-weight:bold @ http://localhost:3000/_next/static/chunks/74e87_next_dist_79e70195._.js:2297
[  109281ms] [LOG] [HMR] connected @ http://localhost:3000/_next/static/chunks/74e87_next_dist_79e70195._.js:2297
[  262282ms] [ERROR] Failed to load resource: the server responded with a status of 404 (Not Found) @ http://localhost:3000/roles?_rsc=th37o:0
[  262328ms] [ERROR] Failed to load resource: the server responded with a status of 404 (Not Found) @ http://localhost:3000/roles:0
[  262369ms] [INFO] %cDownload the React DevTools for a better development experience: https://react.dev/link/react-devtools font-weight:bold @ http://localhost:3000/_next/static/chunks/74e87_next_dist_79e70195._.js:2297
[  262382ms] [LOG] [HMR] connected @ http://localhost:3000/_next/static/chunks/74e87_next_dist_79e70195._.js:2297
[  263580ms] [INFO] %cDownload the React DevTools for a better development experience: https://react.dev/link/react-devtools font-weight:bold @ http://localhost:3000/_next/static/chunks/74e87_next_dist_79e70195._.js:2297
[  263596ms] [LOG] [HMR] connected @ http://localhost:3000/_next/static/chunks/74e87_next_dist_79e70195._.js:2297
